[debug] [2026-08-26T20:06:39.111Z] ----------------------------------------------------------------------
[debug] [2026-08-26T20:06:39.112Z] Command:       C:\Users\berka\scoop\apps\nodejs\current\node.exe C:\Users\berka\scoop\apps\nodejs\current\bin\node_modules\firebase-tools\lib\bin\firebase.js projects:list
[debug] [2026-08-26T20:06:39.113Z] CLI Version:   15.28.1
[debug] [2026-08-26T20:06:39.113Z] Platform:      win32
[debug] [2026-08-26T20:06:39.113Z] Node Version:  v26.3.0
[debug] [2026-08-26T20:06:39.113Z] Detected Agent: antigravity
[debug] [2026-08-26T20:06:39.113Z] Time:          Wed Aug 26 2026 23:06:39 GMT+0300 (Türkiye Standart Saati)
[debug] [2026-08-26T20:06:39.113Z] ----------------------------------------------------------------------
[debug] 
[debug] [2026-08-26T20:06:39.121Z] >>> [apiv2][query] GET https://firebase-public.firebaseio.com/cli.json [none]
[debug] [2026-08-26T20:06:39.150Z] > command requires scopes: ["email","openid","https://www.googleapis.com/auth/cloudplatformprojects.readonly","https://www.googleapis.com/auth/firebase","https://www.googleapis.com/auth/cloud-platform"]
[debug] [2026-08-26T20:06:39.151Z] > authorizing via signed-in user (bayh5757@gmail.com)
[debug] [2026-08-26T20:06:39.152Z] Checked if tokens are valid: false, expires at: 1787425864294
[debug] [2026-08-26T20:06:39.153Z] Checked if tokens are valid: false, expires at: 1787425864294
[debug] [2026-08-26T20:06:39.153Z] > refreshing access token with scopes: []
[debug] [2026-08-26T20:06:39.154Z] >>> [apiv2][query] POST https://www.googleapis.com/oauth2/v3/token [none]
[debug] [2026-08-26T20:06:39.155Z] >>> [apiv2][body] POST https://www.googleapis.com/oauth2/v3/token [omitted]
[debug] [2026-08-26T20:06:39.275Z] *** [apiv2] error from fetch(https://www.googleapis.com/oauth2/v3/token, {"headers":{},"method":"POST","body":{"type":"Buffer","data":[45,45,45,45,45,45,45,45,45,45,45,45,45,45,45,45,45,45,45,45,45,45,45,45,45,45,45,45,54,50,54,49,102,102,101,48,56,53,55,53,55,101,50,54,50,51,99,54,100,49,56,51,13,10,67,111,110,116,101,110,116,45,68,105,115,112,111,115,105,116,105,111,110,58,32,102,111,114,109,45,100,97,116,97,59,32,110,97,109,101,61,34,114,101,102,114,101,115,104,95,116,111,107,101,110,34,13,10,13,10,49,47,47,48,51,69,110,77,106,81,75,77,57,85,79,67,67,103,89,73,65,82,65,65,71,65,77,83,78,119,70,45,76,57,73,114,71,122,97,52,65,107,76,73,102,101,122,75,86,113,48,121,70,54,51,100,106,72,73,122,100,122,115,95,97,76,110,113,66,53,69,65,82,107,112,86,119,69,104,100,88,105,77,74,52,113,86,66,75,71,87,54,56,118,113,121,70,120,114,65,117,115,107,13,10,45,45,45,45,45,45,45,45,45,45,45,45,45,45,45,45,45,45,45,45,45,45,45,45,45,45,45,45,54,50,54,49,102,102,101,48,56,53,55,53,55,101,50,54,50,51,99,54,100,49,56,51,13,10,67,111,110,116,101,110,116,45,68,105,115,112,111,115,105,116,105,111,110,58,32,102,111,114,109,45,100,97,116,97,59,32,110,97,109,101,61,34,99,108,105,101,110,116,95,105,100,34,13,10,13,10,53,54,51,53,56,52,51,51,53,56,54,57,45,102,103,114,104,103,109,100,52,55,98,113,110,101,107,105,106,53,105,56,98,53,112,114,48,51,104,111,56,52,57,101,54,46,97,112,112,115,46,103,111,111,103,108,101,117,115,101,114,99,111,110,116,101,110,116,46,99,111,109,13,10,45,45,45,45,45,45,45,45,45,45,45,45,45,45,45,45,45,45,45,45,45,45,45,45,45,45,45,45,54,50,54,49,102,102,101,48,56,53,55,53,55,101,50,54,50,51,99,54,100,49,56,51,13,10,67,111,110,116,101,110,116,45,68,105,115,112,111,115,105,116,105,111,110,58,32,102,111,114,109,45,100,97,116,97,59,32,110,97,109,101,61,34,99,108,105,101,110,116,95,115,101,99,114,101,116,34,13,10,13,10,106,57,105,86,90,102,83,56,107,107,67,69,70,85,80,97,65,101,74,86,48,115,65,105,13,10,45,45,45,45,45,45,45,45,45,45,45,45,45,45,45,45,45,45,45,45,45,45,45,45,45,45,45,45,54,50,54,49,102,102,101,48,56,53,55,53,55,101,50,54,50,51,99,54,100,49,56,51,13,10,67,111,110,116,101,110,116,45,68,105,115,112,111,115,105,116,105,111,110,58,32,102,111,114,109,45,100,97,116,97,59,32,110,97,109,101,61,34,103,114,97,110,116,95,116,121,112,101,34,13,10,13,10,114,101,102,114,101,115,104,95,116,111,107,101,110,13,10,45,45,45,45,45,45,45,45,45,45,45,45,45,45,45,45,45,45,45,45,45,45,45,45,45,45,45,45,54,50,54,49,102,102,101,48,56,53,55,53,55,101,50,54,50,51,99,54,100,49,56,51,13,10,67,111,110,116,101,110,116,45,68,105,115,112,111,115,105,116,105,111,110,58,32,102,111,114,109,45,100,97,116,97,59,32,110,97,109,101,61,34,115,99,111,112,101,34,13,10,13,10,13,10,45,45,45,45,45,45,45,45,45,45,45,45,45,45,45,45,45,45,45,45,45,45,45,45,45,45,45,45,54,50,54,49,102,102,101,48,56,53,55,53,55,101,50,54,50,51,99,54,100,49,56,51,45,45,13,10]}}): Error: 4C230200:error:0A0003E7:SSL routines:tls_process_server_hello:invalid session id:openssl\ssl\statem\statem_clnt.c:1571:

[error] Authentication Error: Your credentials are no longer valid. Please run firebase login --reauth

For CI servers and headless environments, generate a new token with firebase login:ci
[debug] [2026-08-26T20:06:39.276Z] Authentication Error: Your credentials are no longer valid. Please run firebase login --reauth

For CI servers and headless environments, generate a new token with firebase login:ci
[debug] [2026-08-26T20:06:39.277Z] FirebaseError: Authentication Error: Your credentials are no longer valid. Please run firebase login --reauth

For CI servers and headless environments, generate a new token with firebase login:ci
    at invalidCredentialError (C:\Users\berka\scoop\persist\nodejs\bin\node_modules\firebase-tools\lib\auth.js:178:12)
    at refreshTokens (C:\Users\berka\scoop\persist\nodejs\bin\node_modules\firebase-tools\lib\auth.js:607:15)
    at process.processTicksAndRejections (node:internal/process/task_queues:104:5)
    at async getAccessToken (C:\Users\berka\scoop\persist\nodejs\bin\node_modules\firebase-tools\lib\apiv2.js:53:18)
    at async Client.addAuthHeader (C:\Users\berka\scoop\persist\nodejs\bin\node_modules\firebase-tools\lib\apiv2.js:209:21)
    at async Client.request (C:\Users\berka\scoop\persist\nodejs\bin\node_modules\firebase-tools\lib\apiv2.js:156:34)
    at async getProjectPage (C:\Users\berka\scoop\persist\nodejs\bin\node_modules\firebase-tools\lib\management\projects.js:287:17)
    at async getFirebaseProjectPage (C:\Users\berka\scoop\persist\nodejs\bin\node_modules\firebase-tools\lib\management\projects.js:304:23)
    at async listFirebaseProjects (C:\Users\berka\scoop\persist\nodejs\bin\node_modules\firebase-tools\lib\management\projects.js:333:29)
    at async Command.actionFn (C:\Users\berka\scoop\persist\nodejs\bin\node_modules\firebase-tools\lib\commands\projects-list.js:51:20)
[error] 
[error] Error: Failed to list Firebase projects. See firebase-debug.log for more info.
